Quarto version: 1.8.26

Loaded deno-dom-native

Starting julia control server process. This might take a while...

Julia server process started.

Running [ 1/55] at line 292:  Random.seed!(1)

Running [ 2/55] at line 326:  Random.seed!(2)

Running [ 3/55] at line 405:  Random.seed!(1)

Running [ 4/55] at line 410:  f = Figure(size=(600, 320))

Running [ 5/55] at line 433:  Random.seed!(1)

Running [ 6/55] at line 458:  null_stat.p_area = null_stat.m .>= mean(dobs)

Running [ 7/55] at line 473:  pval = sum(null_stat.m .>= mean(dobs)) / 1000

Running [ 8/55] at line 488:  null_analytic = DataFrame(

Running [ 9/55] at line 545:  # NOTE: R's Seatbelts dataset - loading from CSV if available

Running [10/55] at line 562:  f = Figure(size=(500, 200))

Running [11/55] at line 582:  f = Figure(size=(600, 400))

Running [12/55] at line 636:  fit = lm(@formula(DriversKilled ~ 1 + kms), data)

Running [13/55] at line 661:  annotate_y = predict(fit, DataFrame(kms=[10000, 20000]))

Running [14/55] at line 690:  fit = lm(@formula(DriversKilled ~ kms), data)

Running [15/55] at line 725:  Random.seed!(2)

Running [16/55] at line 789:  f = Figure(size=(900, 300))

Running [17/55] at line 818:  fit = lm(@formula(DriversKilled ~ 1 + kms), data)

Running [18/55] at line 831:  # In order to visually explain what "variance explained" mean, I modify the example so that the fit explains way more variance.

Running [19/55] at line 899:  f = Figure(size=(900, 200))

Running [20/55] at line 914:  fit_multi = lm(@formula(DriversKilled ~ kms + drivers + PetrolPrice), data)

Running [21/55] at line 948:  data_redundant = copy(data)

Running [22/55] at line 959:  data_redundant = copy(data)

Running [23/55] at line 978:  Random.seed!(1)

Running [24/55] at line 991:  coeftable(lm(@formula(Y ~ OV + S)))

Running [25/55] at line 1023:  fit_multi = lm(@formula(DriversKilled ~ kms + drivers + PetrolPrice), data)

Running [26/55] at line 1060:  data_factor = copy(data)

Running [27/55] at line 1077:  fit_law = lm(@formula(DriversKilled ~ 1 + law), data)

Running [28/55] at line 1107:  fit_law_factor = lm(@formula(DriversKilled ~ 1 + law_label), data_factor)

Running [29/55] at line 1114:  fit_law = lm(@formula(DriversKilled ~ 1 + law), data)

Running [30/55] at line 1242:  # mtcars data hardcoded

Running [31/55] at line 1299:  # Dummy coding (default)

Running [32/55] at line 1330:  meanwt = mean(d.wt)

Running [33/55] at line 1463:  x_mu = 2

Running [34/55] at line 1548:  coeftable(fit_soc)

Running [35/55] at line 1563:  x_vals = range(-5, 5, step=0.1)

Running [36/55] at line 1635:  d = mtcars

Running [37/55] at line 1664:  df1 = 2-1

Running [38/55] at line 1694:  x_f = range(0, 5, step=0.01)

Running [39/55] at line 1762:  # NOTE: Read from CSV if available

Running [40/55] at line 1842:  f = Figure(size=(900, 400))

Running [41/55] at line 1876:  Random.seed!(1)

Running [42/55] at line 1886:  dsim.A_num = Int.(dsim.A)

Running [43/55] at line 1905:  d = mtcars

Running [44/55] at line 1962:  Random.seed!(1)

Running [45/55] at line 1978:  f = Figure(size=(600, 400))

Running [46/55] at line 2000:  f = Figure(size=(900, 400))

Running [47/55] at line 2023:  f = Figure(size=(600, 400))

Running [48/55] at line 2035:  Random.seed!(1)

Running [49/55] at line 2076:  skew_right = vcat(gaussian_rv[gaussian_rv .> 0] .* 2.5, gaussian_rv)

Running [50/55] at line 2100:  skew_left = vcat(gaussian_rv[gaussian_rv .< 0] .* 2.5, gaussian_rv)

Running [51/55] at line 2125:  fat_tails = vcat(gaussian_rv .* 2.5, gaussian_rv)

Running [52/55] at line 2151:  Random.seed!(1)

Running [53/55] at line 2237:  fit_bs = lm(@formula(read ~ math * socst), dSoc)

Running [54/55] at line 2258:  coef_names = names(coef(fit_bs))

Running [55/55] at line 2459:  # Welch's t-test equivalent

